C51 COMPILER V9.60.0.0   INITDEVICE                                                        03/21/2023 20:03:57 PAGE 1   


C51 COMPILER V9.60.0.0, COMPILATION OF MODULE INITDEVICE
OBJECT MODULE PLACED IN .\src\InitDevice.OBJ
COMPILER INVOKED BY: C:\SiliconLabs\SimplicityStudio\v5\developer\toolchains\keil_8051\9.60\BIN\C51.exe C:\Users\Mitch\S
                    -implicityStudio\v5_workspace\HOJA-USB-EFM8UB1\src\InitDevice.c OMF2 LARGE ROM(LARGE) WARNINGLEVEL(2) FLOATFUZZY(3) OPTIM
                    -IZE(9,SIZE) DEFINE(NDEBUG=1) INTVECTOR(0X0000) INTPROMOTE INCDIR(C:\Users\Mitch\SimplicityStudio\v5_workspace\HOJA-USB-E
                    -FM8UB1\inc;C:\Users\Mitch\SimplicityStudio\v5_workspace\HOJA-USB-EFM8UB1\inc\config;C:/SiliconLabs/SimplicityStudio/v5/d
                    -eveloper/sdks/8051/v4.2.4//Lib/efm8_assert;C:/SiliconLabs/SimplicityStudio/v5/developer/sdks/8051/v4.2.4//Lib/efm8_usb/i
                    -nc;C:/SiliconLabs/SimplicityStudio/v5/developer/sdks/8051/v4.2.4//Device/EFM8UB1/peripheral_driver/inc;C:/SiliconLabs/Si
                    -mplicityStudio/v5/developer/sdks/8051/v4.2.4//Lib/efm8_usbc/lib_kernel/inc;C:/SiliconLabs/SimplicityStudio/v5/developer/
                    -sdks/8051/v4.2.4//Lib/efm8_usbc/lib_usbc_pd/inc;C:/SiliconLabs/SimplicityStudio/v5/developer/sdks/8051/v4.2.4//Device/sh
                    -ared/si8051Base;C:/SiliconLabs/SimplicityStudio/v5/developer/sdks/8051/v4.2.4//Device/EFM8UB1/inc) REGFILE(HOJA-USB-EFM8
                    -UB1.ORC) PRINT(.\src\InitDevice.lst) COND PAGEWIDTH(120) PAGELENGTH(65) OA OBJECT(.\src\InitDevice.OBJ)

line level    source

   1          //=========================================================
   2          // src/InitDevice.c: generated by Hardware Configurator
   3          //
   4          // This file will be regenerated when saving a document.
   5          // leave the sections inside the "$[...]" comment tags alone
   6          // or they will be overwritten!
   7          //=========================================================
   8          
   9          // USER INCLUDES
  10          #include <SI_EFM8UB1_Register_Enums.h>
  11          #include "InitDevice.h"
  12          #include "gamepad.h"
*** WARNING C318 IN LINE 11 OF C:/SiliconLabs/SimplicityStudio/v5/developer/sdks/8051/v4.2.4//Device/EFM8UB1/peripheral_
             -driver/inc\smb_0.h: can't open file 'efm8_config.h'
  13          
  14          // USER PROTOTYPES
  15          // USER FUNCTIONS
  16          
  17          // $[Library Includes]
  18          #include "efm8_usb.h"
  19          #include "descriptors.h"
  20          #include "usb_0.h"
  21          // [Library Includes]$
  22          
  23          #define DEFAULTS_IGNORE   1
  24          
  25          //==============================================================================
  26          // enter_DefaultMode_from_RESET
  27          //==============================================================================
  28          extern void
  29          enter_DefaultMode_from_RESET (void)
  30          {
  31   1        // $[Config Calls]
  32   1        // Save the SFRPAGE
  33   1        uint8_t SFRPAGE_save = SFRPAGE;
  34   1        WDT_0_enter_DefaultMode_from_RESET ();
  35   1        VREG_0_enter_DefaultMode_from_RESET ();
  36   1        PORTS_0_enter_DefaultMode_from_RESET ();
  37   1        PORTS_1_enter_DefaultMode_from_RESET ();
  38   1        PBCFG_0_enter_DefaultMode_from_RESET ();
  39   1        VREF_0_enter_DefaultMode_from_RESET ();
  40   1        LFOSC_0_enter_DefaultMode_from_RESET ();
  41   1        CLOCK_0_enter_DefaultMode_from_RESET ();
  42   1        I2CSLAVE_0_enter_DefaultMode_from_RESET ();
  43   1        INTERRUPT_0_enter_DefaultMode_from_RESET ();
  44   1        USBLIB_0_enter_DefaultMode_from_RESET ();
  45   1        // Restore the SFRPAGE
C51 COMPILER V9.60.0.0   INITDEVICE                                                        03/21/2023 20:03:57 PAGE 2   

  46   1        SFRPAGE = SFRPAGE_save;
  47   1        // [Config Calls]$
  48   1      }
  49          
  50          extern void
  51          WDT_0_enter_DefaultMode_from_RESET (void)
  52          {
  53   1        // $[Watchdog Timer Init Variable Declarations]
  54   1        uint32_t i;
  55   1        bool ea;
  56   1        // [Watchdog Timer Init Variable Declarations]$
  57   1      
  58   1        // $[WDTCN - Watchdog Timer Control]
  59   1        // Deprecated
  60   1        // [WDTCN - Watchdog Timer Control]$
  61   1      
  62   1        // $[WDTCN_2 - Watchdog Timer Control]
  63   1        SFRPAGE = 0x00;
  64   1      
  65   1        // Feed WDT timer before disabling (Erratum WDT_E102)
  66   1        WDTCN = 0xA5;
  67   1      
  68   1        // Add 2 LFO cycle delay before disabling WDT (Erratum WDT_E102)
  69   1        for (i = 0; i < (2 * 3062500UL) / (80000 * 3); i++)
  70   1          {
  71   2            NOP ();
  72   2          }
  73   1      
  74   1        // Disable WDT
  75   1        ea = IE_EA;
  76   1        IE_EA = 0;
  77   1        WDTCN = 0xDE;
  78   1        WDTCN = 0xAD;
  79   1        IE_EA = ea;
  80   1      
  81   1        // [WDTCN_2 - Watchdog Timer Control]$
  82   1      
  83   1      }
  84          
  85          extern void
  86          VREG_0_enter_DefaultMode_from_RESET (void)
  87          {
  88   1        // $[REG0CN - Voltage Regulator 0 Control]
  89   1        /***********************************************************************
  90   1         - Regulator is shut down in stop mode 
  91   1         ***********************************************************************/
  92   1        REG0CN = REG0CN_STOPCF__SHUTDOWN;
  93   1        // [REG0CN - Voltage Regulator 0 Control]$
  94   1      
  95   1        // $[REG1CN - Voltage Regulator 1 Control]
  96   1        /***********************************************************************
  97   1         - Regulator is disabled
  98   1         - Regulator bias is disabled
  99   1         - The 5V regulator is in normal power mode
 100   1         ***********************************************************************/
 101   1        SFRPAGE = 0x20;
 102   1        REG1CN = REG1CN_REG1ENB__DISABLED | REG1CN_BIASENB__DISABLED
 103   1            | REG1CN_SUSEN__NORMAL;
 104   1        // [REG1CN - Voltage Regulator 1 Control]$
 105   1      
 106   1      }
 107          
 108          extern void
C51 COMPILER V9.60.0.0   INITDEVICE                                                        03/21/2023 20:03:57 PAGE 3   

 109          VREF_0_enter_DefaultMode_from_RESET (void)
 110          {
 111   1        // $[REF0CN - Voltage Reference Control]
 112   1        /***********************************************************************
 113   1         - Disable the Temperature Sensor
 114   1         - The ADC0 ground reference is the GND pin
 115   1         - The internal reference operates at 1.65 V nominal
 116   1         - The ADC0 voltage reference is the VDD pin
 117   1         ***********************************************************************/
 118   1        REF0CN = REF0CN_TEMPE__TEMP_DISABLED | REF0CN_GNDSL__GND_PIN
 119   1            | REF0CN_IREFLVL__1P65 | REF0CN_REFSL__VDD_PIN;
 120   1        // [REF0CN - Voltage Reference Control]$
 121   1      
 122   1      }
 123          
 124          extern void
 125          LFOSC_0_enter_DefaultMode_from_RESET (void)
 126          {
 127   1        // $[LFO0CN - Low Frequency Oscillator Control]
 128   1        /***********************************************************************
 129   1         - Internal L-F Oscillator Enabled
 130   1         ***********************************************************************/
 131   1        LFO0CN |= LFO0CN_OSCLEN__ENABLED;
 132   1        // [LFO0CN - Low Frequency Oscillator Control]$
 133   1      
 134   1        // $[Wait for LFOSC Ready]
 135   1        while ((LFO0CN & LFO0CN_OSCLRDY__BMASK) != LFO0CN_OSCLRDY__SET)
 136   1          ;
 137   1        // [Wait for LFOSC Ready]$
 138   1      
 139   1      }
 140          
 141          extern void
 142          CLOCK_0_enter_DefaultMode_from_RESET (void)
 143          {
 144   1        // $[HFOSC1 Setup]
 145   1        // [HFOSC1 Setup]$
 146   1      
 147   1        // $[CLKSEL - Clock Select]
 148   1        /***********************************************************************
 149   1         - Clock derived from the Internal High Frequency Oscillator 0
 150   1         - SYSCLK is equal to selected clock source divided by 1
 151   1         ***********************************************************************/
 152   1        CLKSEL = CLKSEL_CLKSL__HFOSC0 | CLKSEL_CLKDIV__SYSCLK_DIV_1;
 153   1        while ((CLKSEL & CLKSEL_DIVRDY__BMASK) == CLKSEL_DIVRDY__NOT_READY)
 154   1          ;
 155   1        // [CLKSEL - Clock Select]$
 156   1      
 157   1      }
 158          
 159          extern void
 160          INTERRUPT_0_enter_DefaultMode_from_RESET (void)
 161          {
 162   1        // $[EIE1 - Extended Interrupt Enable 1]
 163   1        /***********************************************************************
 164   1         - Disable ADC0 Conversion Complete interrupt
 165   1         - Disable ADC0 Window Comparison interrupt
 166   1         - Disable CP0 interrupts
 167   1         - Disable CP1 interrupts
 168   1         - Disable all Port Match interrupts
 169   1         - Disable all PCA0 interrupts
 170   1         - Enable interrupt requests generated by SMB0
 171   1         - Disable Timer 3 interrupts
C51 COMPILER V9.60.0.0   INITDEVICE                                                        03/21/2023 20:03:57 PAGE 4   

 172   1         ***********************************************************************/
 173   1        SFRPAGE = 0x00;
 174   1        EIE1 = EIE1_EADC0__DISABLED | EIE1_EWADC0__DISABLED | EIE1_ECP0__DISABLED
 175   1            | EIE1_ECP1__DISABLED | EIE1_EMAT__DISABLED | EIE1_EPCA0__DISABLED
 176   1            | EIE1_ESMB0__ENABLED | EIE1_ET3__DISABLED;
 177   1        // [EIE1 - Extended Interrupt Enable 1]$
 178   1      
 179   1        // $[EIE2 - Extended Interrupt Enable 2]
 180   1        /***********************************************************************
 181   1         - Enable interrupt requests generated by the I2C0 slave
 182   1         - Disable Timer 4 interrupts
 183   1         - Disable UART1 interrupts
 184   1         - Enable interrupt requests generated by USB0
 185   1         - Disable all VBUS and VBUS and USB Charger Detect interrupts
 186   1         ***********************************************************************/
 187   1        SFRPAGE = 0x10;
 188   1        EIE2 = EIE2_EI2C0__ENABLED | EIE2_ET4__DISABLED | EIE2_ES1__DISABLED
 189   1            | EIE2_EUSB0__ENABLED | EIE2_EVBUS__DISABLED;
 190   1        // [EIE2 - Extended Interrupt Enable 2]$
 191   1      
 192   1        // $[EIP1H - Extended Interrupt Priority 1 High]
 193   1        // [EIP1H - Extended Interrupt Priority 1 High]$
 194   1      
 195   1        // $[EIP1 - Extended Interrupt Priority 1 Low]
 196   1        // [EIP1 - Extended Interrupt Priority 1 Low]$
 197   1      
 198   1        // $[EIP2 - Extended Interrupt Priority 2]
 199   1        // [EIP2 - Extended Interrupt Priority 2]$
 200   1      
 201   1        // $[EIP2H - Extended Interrupt Priority 2 High]
 202   1        // [EIP2H - Extended Interrupt Priority 2 High]$
 203   1      
 204   1        // $[IE - Interrupt Enable]
 205   1        /***********************************************************************
 206   1         - Enable each interrupt according to its individual mask setting
 207   1         - Disable external interrupt 0
 208   1         - Disable external interrupt 1
 209   1         - Disable all SPI0 interrupts
 210   1         - Disable all Timer 0 interrupt
 211   1         - Disable all Timer 1 interrupt
 212   1         - Disable Timer 2 interrupt
 213   1         - Disable UART0 interrupt
 214   1         ***********************************************************************/
 215   1        SFRPAGE = 0x00;
 216   1        IE = IE_EA__ENABLED | IE_EX0__DISABLED | IE_EX1__DISABLED | IE_ESPI0__DISABLED
 217   1            | IE_ET0__DISABLED | IE_ET1__DISABLED | IE_ET2__DISABLED
 218   1            | IE_ES0__DISABLED;
 219   1        // [IE - Interrupt Enable]$
 220   1      
 221   1        // $[IP - Interrupt Priority]
 222   1        // [IP - Interrupt Priority]$
 223   1      
 224   1        // $[IPH - Interrupt Priority High]
 225   1        // [IPH - Interrupt Priority High]$
 226   1      
 227   1      }
 228          
 229          extern void
 230          USBLIB_0_enter_DefaultMode_from_RESET (void)
 231          {
 232   1      #if !DEFAULTS_IGNORE
                      // $[USBD Init]
                      USBD_Init( &initstruct);
C51 COMPILER V9.60.0.0   INITDEVICE                                                        03/21/2023 20:03:57 PAGE 5   

                      // [USBD Init]$
              #endif
 237   1      }
 238          
 239          extern void
 240          PBCFG_0_enter_DefaultMode_from_RESET (void)
 241          {
 242   1        // $[XBR2 - Port I/O Crossbar 2]
 243   1        /***********************************************************************
 244   1         - Weak Pullups enabled 
 245   1         - Crossbar enabled
 246   1         - UART1 I/O unavailable at Port pin
 247   1         - UART1 RTS1 unavailable at Port pin
 248   1         - UART1 CTS1 unavailable at Port pin
 249   1         ***********************************************************************/
 250   1        XBR2 = XBR2_WEAKPUD__PULL_UPS_ENABLED | XBR2_XBARE__ENABLED
 251   1            | XBR2_URT1E__DISABLED | XBR2_URT1RTSE__DISABLED
 252   1            | XBR2_URT1CTSE__DISABLED;
 253   1        // [XBR2 - Port I/O Crossbar 2]$
 254   1      
 255   1        // $[PRTDRV - Port Drive Strength]
 256   1        // [PRTDRV - Port Drive Strength]$
 257   1      
 258   1        // $[XBR0 - Port I/O Crossbar 0]
 259   1        // [XBR0 - Port I/O Crossbar 0]$
 260   1      
 261   1        // $[XBR1 - Port I/O Crossbar 1]
 262   1        // [XBR1 - Port I/O Crossbar 1]$
 263   1      
 264   1      }
 265          
 266          extern void
 267          I2CSLAVE_0_enter_DefaultMode_from_RESET (void)
 268          {
 269   1        // $[I2C0FCN0 - I2C0 FIFO Control 0]
 270   1        // [I2C0FCN0 - I2C0 FIFO Control 0]$
 271   1      
 272   1        // $[I2C0SLAD - I2C0 Slave Address]
 273   1        /***********************************************************************
 274   1         - I2C Hardware Slave Address = 0x45
 275   1         ***********************************************************************/
 276   1        SFRPAGE = 0x20;
 277   1        I2C0SLAD = (0x45 << I2C0SLAD_I2C0SLAD__SHIFT);
 278   1        // [I2C0SLAD - I2C0 Slave Address]$
 279   1      
 280   1        // $[I2C0CN0 - I2C0 Control]
 281   1        /***********************************************************************
 282   1         - Set the I2C0 Slave pins in I2C mode
 283   1         - Enable I2C SCL low timeout detection using Timer 4
 284   1         ***********************************************************************/
 285   1        I2C0CN0 |= I2C0CN0_PINMD__I2C_MODE | I2C0CN0_TIMEOUT__ENABLED;
 286   1        // [I2C0CN0 - I2C0 Control]$
 287   1      
 288   1        // $[I2C0CN0 - I2C0 Control 2]
 289   1        /***********************************************************************
 290   1         - Enable the I2C0 Slave module
 291   1         ***********************************************************************/
 292   1        I2C0CN0 |= I2C0CN0_I2C0EN__ENABLED;
 293   1        // [I2C0CN0 - I2C0 Control 2]$
 294   1      
 295   1      }
 296          
 297          extern void
C51 COMPILER V9.60.0.0   INITDEVICE                                                        03/21/2023 20:03:57 PAGE 6   

 298          PORTS_1_enter_DefaultMode_from_RESET (void)
 299          {
 300   1        // $[P1 - Port 1 Pin Latch]
 301   1        // [P1 - Port 1 Pin Latch]$
 302   1      
 303   1        // $[P1MDOUT - Port 1 Output Mode]
 304   1        // [P1MDOUT - Port 1 Output Mode]$
 305   1      
 306   1        // $[P1MDIN - Port 1 Input Mode]
 307   1        // [P1MDIN - Port 1 Input Mode]$
 308   1      
 309   1        // $[P1SKIP - Port 1 Skip]
 310   1        // [P1SKIP - Port 1 Skip]$
 311   1      
 312   1        // $[P1MASK - Port 1 Mask]
 313   1        // [P1MASK - Port 1 Mask]$
 314   1      
 315   1        // $[P1MAT - Port 1 Match]
 316   1        // [P1MAT - Port 1 Match]$
 317   1      
 318   1      }
 319          
 320          extern void
 321          PORTS_0_enter_DefaultMode_from_RESET (void)
 322          {
 323   1        // $[P0 - Port 0 Pin Latch]
 324   1        /***********************************************************************
 325   1         - P0.0 is low. Set P0.0 to drive low
 326   1         - P0.1 is high. Set P0.1 to drive or float high
 327   1         - P0.2 is high. Set P0.2 to drive or float high
 328   1         - P0.3 is high. Set P0.3 to drive or float high
 329   1         - P0.4 is high. Set P0.4 to drive or float high
 330   1         - P0.5 is high. Set P0.5 to drive or float high
 331   1         - P0.6 is high. Set P0.6 to drive or float high
 332   1         - P0.7 is high. Set P0.7 to drive or float high
 333   1         ***********************************************************************/
 334   1        SFRPAGE = 0x00;
 335   1        P0 = P0_B0__LOW | P0_B1__HIGH | P0_B2__HIGH | P0_B3__HIGH | P0_B4__HIGH
 336   1            | P0_B5__HIGH | P0_B6__HIGH | P0_B7__HIGH;
 337   1        // [P0 - Port 0 Pin Latch]$
 338   1      
 339   1        // $[P0MDOUT - Port 0 Output Mode]
 340   1        /***********************************************************************
 341   1         - P0.0 output is push-pull
 342   1         - P0.1 output is open-drain
 343   1         - P0.2 output is open-drain
 344   1         - P0.3 output is open-drain
 345   1         - P0.4 output is open-drain
 346   1         - P0.5 output is open-drain
 347   1         - P0.6 output is open-drain
 348   1         - P0.7 output is open-drain
 349   1         ***********************************************************************/
 350   1        P0MDOUT = P0MDOUT_B0__PUSH_PULL | P0MDOUT_B1__OPEN_DRAIN
 351   1            | P0MDOUT_B2__OPEN_DRAIN | P0MDOUT_B3__OPEN_DRAIN | P0MDOUT_B4__OPEN_DRAIN
 352   1            | P0MDOUT_B5__OPEN_DRAIN | P0MDOUT_B6__OPEN_DRAIN
 353   1            | P0MDOUT_B7__OPEN_DRAIN;
 354   1        // [P0MDOUT - Port 0 Output Mode]$
 355   1      
 356   1        // $[P0MDIN - Port 0 Input Mode]
 357   1        // [P0MDIN - Port 0 Input Mode]$
 358   1      
 359   1        // $[P0SKIP - Port 0 Skip]
 360   1        // [P0SKIP - Port 0 Skip]$
C51 COMPILER V9.60.0.0   INITDEVICE                                                        03/21/2023 20:03:57 PAGE 7   

 361   1      
 362   1        // $[P0MASK - Port 0 Mask]
 363   1        // [P0MASK - Port 0 Mask]$
 364   1      
 365   1        // $[P0MAT - Port 0 Match]
 366   1        // [P0MAT - Port 0 Match]$
 367   1      
 368   1      }
 369          


MODULE INFORMATION:   STATIC OVERLAYABLE
   CODE SIZE        =    218    ----
   CONSTANT SIZE    =     29    ----
   XDATA SIZE       =   ----       5
   PDATA SIZE       =   ----    ----
   DATA SIZE        =   ----    ----
   IDATA SIZE       =   ----    ----
   BIT SIZE         =   ----       1
   EDATA SIZE       =   ----    ----
   HDATA SIZE       =   ----    ----
   XDATA CONST SIZE =   ----    ----
   FAR CONST SIZE   =   ----    ----
END OF MODULE INFORMATION.


C51 COMPILATION COMPLETE.  1 WARNING(S),  0 ERROR(S)
