C51 COMPILER V9.60.0.0   XINPUT_LEGACY                                                     03/21/2023 20:03:59 PAGE 1   


C51 COMPILER V9.60.0.0, COMPILATION OF MODULE XINPUT_LEGACY
OBJECT MODULE PLACED IN .\src\xinput_legacy.OBJ
COMPILER INVOKED BY: C:\SiliconLabs\SimplicityStudio\v5\developer\toolchains\keil_8051\9.60\BIN\C51.exe C:\Users\Mitch\S
                    -implicityStudio\v5_workspace\HOJA-USB-EFM8UB1\src\xinput_legacy.c OMF2 LARGE ROM(LARGE) WARNINGLEVEL(2) FLOATFUZZY(3) OP
                    -TIMIZE(9,SIZE) DEFINE(NDEBUG=1) INTVECTOR(0X0000) INTPROMOTE INCDIR(C:\Users\Mitch\SimplicityStudio\v5_workspace\HOJA-US
                    -B-EFM8UB1\inc;C:\Users\Mitch\SimplicityStudio\v5_workspace\HOJA-USB-EFM8UB1\inc\config;C:/SiliconLabs/SimplicityStudio/v
                    -5/developer/sdks/8051/v4.2.4//Lib/efm8_assert;C:/SiliconLabs/SimplicityStudio/v5/developer/sdks/8051/v4.2.4//Lib/efm8_us
                    -b/inc;C:/SiliconLabs/SimplicityStudio/v5/developer/sdks/8051/v4.2.4//Device/EFM8UB1/peripheral_driver/inc;C:/SiliconLabs
                    -/SimplicityStudio/v5/developer/sdks/8051/v4.2.4//Lib/efm8_usbc/lib_kernel/inc;C:/SiliconLabs/SimplicityStudio/v5/develop
                    -er/sdks/8051/v4.2.4//Lib/efm8_usbc/lib_usbc_pd/inc;C:/SiliconLabs/SimplicityStudio/v5/developer/sdks/8051/v4.2.4//Device
                    -/shared/si8051Base;C:/SiliconLabs/SimplicityStudio/v5/developer/sdks/8051/v4.2.4//Device/EFM8UB1/inc) REGFILE(HOJA-USB-E
                    -FM8UB1.ORC) PRINT(.\src\xinput_legacy.lst) COND PAGEWIDTH(120) PAGELENGTH(65) OA OBJECT(.\src\xinput_legacy.OBJ)

line level    source

   1          #include "xinput_legacy.h"
*** WARNING C318 IN LINE 11 OF C:/SiliconLabs/SimplicityStudio/v5/developer/sdks/8051/v4.2.4//Device/EFM8UB1/peripheral_
             -driver/inc\smb_0.h: can't open file 'efm8_config.h'
   2          
   3          xinput_input_s xinput_reportBuffer;
   4          
   5          void xinputUpdateReport()
   6          {
   7   1        if (sendReport)
   8   1        {
   9   2      
  10   2          xinput_reportBuffer.report_id = 0x00;
  11   2          xinput_reportBuffer.report_size = XI_INPUT_SIZE;
  12   2      
  13   2          // Set all the right bits
  14   2          xinput_reportBuffer.buttons_2.button_b    = i2c_input_buffer.buttons_1.button_right;
  15   2          xinput_reportBuffer.buttons_2.button_a    = i2c_input_buffer.buttons_1.button_down;
  16   2          xinput_reportBuffer.buttons_2.button_y    = i2c_input_buffer.buttons_1.button_up;
  17   2          xinput_reportBuffer.buttons_2.button_x    = i2c_input_buffer.buttons_1.button_left;
  18   2      
  19   2          xinput_reportBuffer.buttons_2.bumper_l   = i2c_input_buffer.buttons_2.trigger_l;
  20   2          xinput_reportBuffer.buttons_2.bumper_r   = i2c_input_buffer.buttons_2.trigger_r;
  21   2      
  22   2          if (i2c_input_buffer.buttons_2.trigger_zl)
  23   2          {
  24   3              xinput_reportBuffer.analog_trigger_l = (255);
  25   3          }
  26   2          else
  27   2          {
  28   3              xinput_reportBuffer.analog_trigger_l = (i2c_input_buffer.lt_a);
  29   3          }
  30   2      
  31   2          if (i2c_input_buffer.buttons_2.trigger_zr)
  32   2          {
  33   3              xinput_reportBuffer.analog_trigger_r = (255);
  34   3          }
  35   2          else
  36   2          {
  37   3              xinput_reportBuffer.analog_trigger_r = (i2c_input_buffer.rt_a);
  38   3          }
  39   2      
  40   2          xinput_reportBuffer.buttons_1.button_menu     = i2c_input_buffer.buttons_2.button_start;
  41   2          xinput_reportBuffer.buttons_1.button_back     = i2c_input_buffer.buttons_2.button_select;
  42   2      
  43   2          xinput_reportBuffer.buttons_1.button_stick_left   = i2c_input_buffer.buttons_2.button_stick_left;
  44   2          xinput_reportBuffer.buttons_1.button_stick_right  = i2c_input_buffer.buttons_2.button_stick_right;
  45   2      
C51 COMPILER V9.60.0.0   XINPUT_LEGACY                                                     03/21/2023 20:03:59 PAGE 2   

  46   2          xinput_reportBuffer.stick_left_x    = (i2c_input_buffer.ls_x);
  47   2          xinput_reportBuffer.stick_left_y    = (i2c_input_buffer.ls_y);
  48   2          xinput_reportBuffer.stick_right_x   = (i2c_input_buffer.rs_x);
  49   2          xinput_reportBuffer.stick_right_y   = (i2c_input_buffer.rs_y);
  50   2      
  51   2          xinput_reportBuffer.buttons_1.dpad_up     = i2c_input_buffer.buttons_1.dpad_up;
  52   2          xinput_reportBuffer.buttons_1.dpad_down   = i2c_input_buffer.buttons_1.dpad_down;
  53   2          xinput_reportBuffer.buttons_1.dpad_right  = i2c_input_buffer.buttons_1.dpad_right;
  54   2          xinput_reportBuffer.buttons_1.dpad_left   = i2c_input_buffer.buttons_1.dpad_left;
  55   2      
  56   2            sendReport = false;
  57   2            USBD_Write(EP1IN,
  58   2               (uint8_t *) &xinput_reportBuffer,
  59   2               XI_INPUT_SIZE,
  60   2               true);
  61   2        }
  62   1      
  63   1      }


MODULE INFORMATION:   STATIC OVERLAYABLE
   CODE SIZE        =    343    ----
   CONSTANT SIZE    =     29    ----
   XDATA SIZE       =     20    ----
   PDATA SIZE       =   ----    ----
   DATA SIZE        =   ----    ----
   IDATA SIZE       =   ----    ----
   BIT SIZE         =   ----    ----
   EDATA SIZE       =   ----    ----
   HDATA SIZE       =   ----    ----
   XDATA CONST SIZE =   ----    ----
   FAR CONST SIZE   =   ----    ----
END OF MODULE INFORMATION.


C51 COMPILATION COMPLETE.  1 WARNING(S),  0 ERROR(S)
