C51 COMPILER V9.60.0.0   INITDEVICE                                                        09/15/2022 21:04:20 PAGE 1   


C51 COMPILER V9.60.0.0, COMPILATION OF MODULE INITDEVICE
OBJECT MODULE PLACED IN .\src\InitDevice.OBJ
COMPILER INVOKED BY: C:\SiliconLabs\SimplicityStudio\v5\developer\toolchains\keil_8051\9.60\BIN\C51.exe C:\Users\Mitch\S
                    -implicityStudio\v5_workspace\HOJA-USB-EFM8UB1\src\InitDevice.c OMF2 SMALL DEBUG OBJECTEXTEND ROM(LARGE) WARNINGLEVEL(2) 
                    -FLOATFUZZY(3) OPTIMIZE(9,SPEED) DEFINE(NDEBUG=1) INTVECTOR(0X0000) INTPROMOTE INCDIR(C:\Users\Mitch\SimplicityStudio\v5_
                    -workspace\HOJA-USB-EFM8UB1\inc;C:\Users\Mitch\SimplicityStudio\v5_workspace\HOJA-USB-EFM8UB1\inc\config;C:/SiliconLabs/S
                    -implicityStudio/v5/developer/sdks/8051/v4.2.3//Lib/efm8_assert;C:/SiliconLabs/SimplicityStudio/v5/developer/sdks/8051/v4
                    -.2.3//Lib/efm8_usb/inc;C:/SiliconLabs/SimplicityStudio/v5/developer/sdks/8051/v4.2.3//Device/EFM8UB1/peripheral_driver/i
                    -nc;C:/SiliconLabs/SimplicityStudio/v5/developer/sdks/8051/v4.2.3//Lib/efm8_usbc/lib_kernel/inc;C:/SiliconLabs/Simplicity
                    -Studio/v5/developer/sdks/8051/v4.2.3//Lib/efm8_usbc/lib_usbc_pd/inc;C:/SiliconLabs/SimplicityStudio/v5/developer/sdks/80
                    -51/v4.2.3//Device/shared/si8051Base;C:/SiliconLabs/SimplicityStudio/v5/developer/sdks/8051/v4.2.3//Device/EFM8UB1/inc) R
                    -EGFILE(HOJA-USB-EFM8UB1.ORC) PRINT(.\src\InitDevice.lst) COND PAGEWIDTH(120) PAGELENGTH(65) OA OBJECT(.\src\InitDevice.O
                    -BJ)

line level    source

   1          //=========================================================
   2          // src/InitDevice.c: generated by Hardware Configurator
   3          //
   4          // This file will be regenerated when saving a document.
   5          // leave the sections inside the "$[...]" comment tags alone
   6          // or they will be overwritten!
   7          //=========================================================
   8          
   9          // USER INCLUDES
  10          #include <SI_EFM8UB1_Register_Enums.h>
  11          #include "InitDevice.h"
  12          #include "gamepad.h"
*** WARNING C318 IN LINE 11 OF C:/SiliconLabs/SimplicityStudio/v5/developer/sdks/8051/v4.2.3//Device/EFM8UB1/peripheral_
             -driver/inc\smb_0.h: can't open file 'efm8_config.h'
  13          
  14          // USER PROTOTYPES
  15          // USER FUNCTIONS
  16          
  17          // $[Library Includes]
  18          #include "efm8_usb.h"
  19          #include "descriptors.h"
  20          #include "usb_0.h"
  21          // [Library Includes]$
  22          
  23          #define DEFAULTS_IGNORE   1
  24          
  25          //==============================================================================
  26          // enter_DefaultMode_from_RESET
  27          //==============================================================================
  28          extern void
  29          enter_DefaultMode_from_RESET (void)
  30          {
  31   1        // $[Config Calls]
  32   1        // Save the SFRPAGE
  33   1        uint8_t SFRPAGE_save = SFRPAGE;
  34   1        WDT_0_enter_DefaultMode_from_RESET ();
  35   1        VREG_0_enter_DefaultMode_from_RESET ();
  36   1        PORTS_0_enter_DefaultMode_from_RESET ();
  37   1        PORTS_1_enter_DefaultMode_from_RESET ();
  38   1        PBCFG_0_enter_DefaultMode_from_RESET ();
  39   1        VREF_0_enter_DefaultMode_from_RESET ();
  40   1        LFOSC_0_enter_DefaultMode_from_RESET ();
  41   1        CLOCK_0_enter_DefaultMode_from_RESET ();
  42   1        I2CSLAVE_0_enter_DefaultMode_from_RESET ();
  43   1        INTERRUPT_0_enter_DefaultMode_from_RESET ();
  44   1        USBLIB_0_enter_DefaultMode_from_RESET ();
C51 COMPILER V9.60.0.0   INITDEVICE                                                        09/15/2022 21:04:20 PAGE 2   

  45   1        // Restore the SFRPAGE
  46   1        SFRPAGE = SFRPAGE_save;
  47   1        // [Config Calls]$
  48   1      }
  49          
  50          extern void
  51          WDT_0_enter_DefaultMode_from_RESET (void)
  52          {
  53   1        // $[Watchdog Timer Init Variable Declarations]
  54   1        uint32_t i;
  55   1        bool ea;
  56   1        // [Watchdog Timer Init Variable Declarations]$
  57   1      
  58   1        // $[WDTCN - Watchdog Timer Control]
  59   1        // Deprecated
  60   1        // [WDTCN - Watchdog Timer Control]$
  61   1      
  62   1        // $[WDTCN_2 - Watchdog Timer Control]
  63   1        SFRPAGE = 0x00;
  64   1      
  65   1        // Feed WDT timer before disabling (Erratum WDT_E102)
  66   1        WDTCN = 0xA5;
  67   1      
  68   1        // Add 2 LFO cycle delay before disabling WDT (Erratum WDT_E102)
  69   1        for (i = 0; i < (2 * 3062500UL) / (80000 * 3); i++)
  70   1          {
  71   2            NOP ();
  72   2          }
  73   1      
  74   1        // Disable WDT
  75   1        ea = IE_EA;
  76   1        IE_EA = 0;
  77   1        WDTCN = 0xDE;
  78   1        WDTCN = 0xAD;
  79   1        IE_EA = ea;
  80   1      
  81   1        // [WDTCN_2 - Watchdog Timer Control]$
  82   1      
  83   1      }
  84          
  85          extern void
  86          VREG_0_enter_DefaultMode_from_RESET (void)
  87          {
  88   1        // $[REG0CN - Voltage Regulator 0 Control]
  89   1        // [REG0CN - Voltage Regulator 0 Control]$
  90   1      
  91   1        // $[REG1CN - Voltage Regulator 1 Control]
  92   1        /***********************************************************************
  93   1         - Regulator is enabled
  94   1         - Regulator bias is disabled
  95   1         - The 5V regulator is in normal power mode
  96   1         ***********************************************************************/
  97   1        SFRPAGE = 0x20;
  98   1        REG1CN = REG1CN_REG1ENB__ENABLED | REG1CN_BIASENB__DISABLED
  99   1            | REG1CN_SUSEN__NORMAL;
 100   1        // [REG1CN - Voltage Regulator 1 Control]$
 101   1      
 102   1      }
 103          
 104          extern void
 105          VREF_0_enter_DefaultMode_from_RESET (void)
 106          {
 107   1        // $[REF0CN - Voltage Reference Control]
C51 COMPILER V9.60.0.0   INITDEVICE                                                        09/15/2022 21:04:20 PAGE 3   

 108   1        /***********************************************************************
 109   1         - Disable the Temperature Sensor
 110   1         - The ADC0 ground reference is the GND pin
 111   1         - The internal reference operates at 1.65 V nominal
 112   1         - The ADC0 voltage reference is the VDD pin
 113   1         ***********************************************************************/
 114   1        REF0CN = REF0CN_TEMPE__TEMP_DISABLED | REF0CN_GNDSL__GND_PIN
 115   1            | REF0CN_IREFLVL__1P65 | REF0CN_REFSL__VDD_PIN;
 116   1        // [REF0CN - Voltage Reference Control]$
 117   1      
 118   1      }
 119          
 120          extern void
 121          LFOSC_0_enter_DefaultMode_from_RESET (void)
 122          {
 123   1        // $[LFO0CN - Low Frequency Oscillator Control]
 124   1        /***********************************************************************
 125   1         - Internal L-F Oscillator Enabled
 126   1         ***********************************************************************/
 127   1        LFO0CN |= LFO0CN_OSCLEN__ENABLED;
 128   1        // [LFO0CN - Low Frequency Oscillator Control]$
 129   1      
 130   1        // $[Wait for LFOSC Ready]
 131   1        while ((LFO0CN & LFO0CN_OSCLRDY__BMASK) != LFO0CN_OSCLRDY__SET)
 132   1          ;
 133   1        // [Wait for LFOSC Ready]$
 134   1      
 135   1      }
 136          
 137          extern void
 138          CLOCK_0_enter_DefaultMode_from_RESET (void)
 139          {
 140   1        // $[HFOSC1 Setup]
 141   1        // [HFOSC1 Setup]$
 142   1      
 143   1        // $[CLKSEL - Clock Select]
 144   1        /***********************************************************************
 145   1         - Clock derived from the Internal High Frequency Oscillator 0
 146   1         - SYSCLK is equal to selected clock source divided by 1
 147   1         ***********************************************************************/
 148   1        CLKSEL = CLKSEL_CLKSL__HFOSC0 | CLKSEL_CLKDIV__SYSCLK_DIV_1;
 149   1        while ((CLKSEL & CLKSEL_DIVRDY__BMASK) == CLKSEL_DIVRDY__NOT_READY)
 150   1          ;
 151   1        // [CLKSEL - Clock Select]$
 152   1      
 153   1      }
 154          
 155          extern void
 156          INTERRUPT_0_enter_DefaultMode_from_RESET (void)
 157          {
 158   1        // $[EIE1 - Extended Interrupt Enable 1]
 159   1        /***********************************************************************
 160   1         - Disable ADC0 Conversion Complete interrupt
 161   1         - Disable ADC0 Window Comparison interrupt
 162   1         - Disable CP0 interrupts
 163   1         - Disable CP1 interrupts
 164   1         - Disable all Port Match interrupts
 165   1         - Disable all PCA0 interrupts
 166   1         - Enable interrupt requests generated by SMB0
 167   1         - Disable Timer 3 interrupts
 168   1         ***********************************************************************/
 169   1        SFRPAGE = 0x00;
 170   1        EIE1 = EIE1_EADC0__DISABLED | EIE1_EWADC0__DISABLED | EIE1_ECP0__DISABLED
C51 COMPILER V9.60.0.0   INITDEVICE                                                        09/15/2022 21:04:20 PAGE 4   

 171   1            | EIE1_ECP1__DISABLED | EIE1_EMAT__DISABLED | EIE1_EPCA0__DISABLED
 172   1            | EIE1_ESMB0__ENABLED | EIE1_ET3__DISABLED;
 173   1        // [EIE1 - Extended Interrupt Enable 1]$
 174   1      
 175   1        // $[EIE2 - Extended Interrupt Enable 2]
 176   1        /***********************************************************************
 177   1         - Enable interrupt requests generated by the I2C0 slave
 178   1         - Disable Timer 4 interrupts
 179   1         - Disable UART1 interrupts
 180   1         - Enable interrupt requests generated by USB0
 181   1         - Disable all VBUS and VBUS and USB Charger Detect interrupts
 182   1         ***********************************************************************/
 183   1        SFRPAGE = 0x10;
 184   1        EIE2 = EIE2_EI2C0__ENABLED | EIE2_ET4__DISABLED | EIE2_ES1__DISABLED
 185   1            | EIE2_EUSB0__ENABLED | EIE2_EVBUS__DISABLED;
 186   1        // [EIE2 - Extended Interrupt Enable 2]$
 187   1      
 188   1        // $[EIP1H - Extended Interrupt Priority 1 High]
 189   1        // [EIP1H - Extended Interrupt Priority 1 High]$
 190   1      
 191   1        // $[EIP1 - Extended Interrupt Priority 1 Low]
 192   1        // [EIP1 - Extended Interrupt Priority 1 Low]$
 193   1      
 194   1        // $[EIP2 - Extended Interrupt Priority 2]
 195   1        // [EIP2 - Extended Interrupt Priority 2]$
 196   1      
 197   1        // $[EIP2H - Extended Interrupt Priority 2 High]
 198   1        // [EIP2H - Extended Interrupt Priority 2 High]$
 199   1      
 200   1        // $[IE - Interrupt Enable]
 201   1        /***********************************************************************
 202   1         - Enable each interrupt according to its individual mask setting
 203   1         - Disable external interrupt 0
 204   1         - Disable external interrupt 1
 205   1         - Disable all SPI0 interrupts
 206   1         - Disable all Timer 0 interrupt
 207   1         - Disable all Timer 1 interrupt
 208   1         - Disable Timer 2 interrupt
 209   1         - Disable UART0 interrupt
 210   1         ***********************************************************************/
 211   1        SFRPAGE = 0x00;
 212   1        IE = IE_EA__ENABLED | IE_EX0__DISABLED | IE_EX1__DISABLED | IE_ESPI0__DISABLED
 213   1            | IE_ET0__DISABLED | IE_ET1__DISABLED | IE_ET2__DISABLED
 214   1            | IE_ES0__DISABLED;
 215   1        // [IE - Interrupt Enable]$
 216   1      
 217   1        // $[IP - Interrupt Priority]
 218   1        // [IP - Interrupt Priority]$
 219   1      
 220   1        // $[IPH - Interrupt Priority High]
 221   1        // [IPH - Interrupt Priority High]$
 222   1      
 223   1      }
 224          
 225          extern void
 226          USBLIB_0_enter_DefaultMode_from_RESET (void)
 227          {
 228   1      #if !DEFAULTS_IGNORE
                      // $[USBD Init]
                      USBD_Init( &initstruct);
                      // [USBD Init]$
              #endif
 233   1      }
C51 COMPILER V9.60.0.0   INITDEVICE                                                        09/15/2022 21:04:20 PAGE 5   

 234          
 235          extern void
 236          PBCFG_0_enter_DefaultMode_from_RESET (void)
 237          {
 238   1        // $[XBR2 - Port I/O Crossbar 2]
 239   1        /***********************************************************************
 240   1         - Weak Pullups enabled 
 241   1         - Crossbar enabled
 242   1         - UART1 I/O unavailable at Port pin
 243   1         - UART1 RTS1 unavailable at Port pin
 244   1         - UART1 CTS1 unavailable at Port pin
 245   1         ***********************************************************************/
 246   1        XBR2 = XBR2_WEAKPUD__PULL_UPS_ENABLED | XBR2_XBARE__ENABLED
 247   1            | XBR2_URT1E__DISABLED | XBR2_URT1RTSE__DISABLED
 248   1            | XBR2_URT1CTSE__DISABLED;
 249   1        // [XBR2 - Port I/O Crossbar 2]$
 250   1      
 251   1        // $[PRTDRV - Port Drive Strength]
 252   1        // [PRTDRV - Port Drive Strength]$
 253   1      
 254   1        // $[XBR0 - Port I/O Crossbar 0]
 255   1        // [XBR0 - Port I/O Crossbar 0]$
 256   1      
 257   1        // $[XBR1 - Port I/O Crossbar 1]
 258   1        // [XBR1 - Port I/O Crossbar 1]$
 259   1      
 260   1      }
 261          
 262          extern void
 263          I2CSLAVE_0_enter_DefaultMode_from_RESET (void)
 264          {
 265   1        // $[I2C0FCN0 - I2C0 FIFO Control 0]
 266   1        // [I2C0FCN0 - I2C0 FIFO Control 0]$
 267   1      
 268   1        // $[I2C0SLAD - I2C0 Slave Address]
 269   1        /***********************************************************************
 270   1         - I2C Hardware Slave Address = 0x45
 271   1         ***********************************************************************/
 272   1        SFRPAGE = 0x20;
 273   1        I2C0SLAD = (0x45 << I2C0SLAD_I2C0SLAD__SHIFT);
 274   1        // [I2C0SLAD - I2C0 Slave Address]$
 275   1      
 276   1        // $[I2C0CN0 - I2C0 Control]
 277   1        /***********************************************************************
 278   1         - Set the I2C0 Slave pins in I2C mode
 279   1         - Enable I2C SCL low timeout detection using Timer 4
 280   1         ***********************************************************************/
 281   1        I2C0CN0 |= I2C0CN0_PINMD__I2C_MODE | I2C0CN0_TIMEOUT__ENABLED;
 282   1        // [I2C0CN0 - I2C0 Control]$
 283   1      
 284   1        // $[I2C0CN0 - I2C0 Control 2]
 285   1        /***********************************************************************
 286   1         - Enable the I2C0 Slave module
 287   1         ***********************************************************************/
 288   1        I2C0CN0 |= I2C0CN0_I2C0EN__ENABLED;
 289   1        // [I2C0CN0 - I2C0 Control 2]$
 290   1      
 291   1      }
 292          
 293          extern void
 294          PORTS_1_enter_DefaultMode_from_RESET (void)
 295          {
 296   1        // $[P1 - Port 1 Pin Latch]
C51 COMPILER V9.60.0.0   INITDEVICE                                                        09/15/2022 21:04:20 PAGE 6   

 297   1        // [P1 - Port 1 Pin Latch]$
 298   1      
 299   1        // $[P1MDOUT - Port 1 Output Mode]
 300   1        // [P1MDOUT - Port 1 Output Mode]$
 301   1      
 302   1        // $[P1MDIN - Port 1 Input Mode]
 303   1        // [P1MDIN - Port 1 Input Mode]$
 304   1      
 305   1        // $[P1SKIP - Port 1 Skip]
 306   1        // [P1SKIP - Port 1 Skip]$
 307   1      
 308   1        // $[P1MASK - Port 1 Mask]
 309   1        // [P1MASK - Port 1 Mask]$
 310   1      
 311   1        // $[P1MAT - Port 1 Match]
 312   1        // [P1MAT - Port 1 Match]$
 313   1      
 314   1      }
 315          
 316          extern void
 317          PORTS_0_enter_DefaultMode_from_RESET (void)
 318          {
 319   1        // $[P0 - Port 0 Pin Latch]
 320   1        /***********************************************************************
 321   1         - P0.0 is low. Set P0.0 to drive low
 322   1         - P0.1 is high. Set P0.1 to drive or float high
 323   1         - P0.2 is high. Set P0.2 to drive or float high
 324   1         - P0.3 is high. Set P0.3 to drive or float high
 325   1         - P0.4 is high. Set P0.4 to drive or float high
 326   1         - P0.5 is high. Set P0.5 to drive or float high
 327   1         - P0.6 is high. Set P0.6 to drive or float high
 328   1         - P0.7 is high. Set P0.7 to drive or float high
 329   1         ***********************************************************************/
 330   1        SFRPAGE = 0x00;
 331   1        P0 = P0_B0__LOW | P0_B1__HIGH | P0_B2__HIGH | P0_B3__HIGH | P0_B4__HIGH
 332   1            | P0_B5__HIGH | P0_B6__HIGH | P0_B7__HIGH;
 333   1        // [P0 - Port 0 Pin Latch]$
 334   1      
 335   1        // $[P0MDOUT - Port 0 Output Mode]
 336   1        /***********************************************************************
 337   1         - P0.0 output is push-pull
 338   1         - P0.1 output is open-drain
 339   1         - P0.2 output is open-drain
 340   1         - P0.3 output is open-drain
 341   1         - P0.4 output is open-drain
 342   1         - P0.5 output is open-drain
 343   1         - P0.6 output is open-drain
 344   1         - P0.7 output is open-drain
 345   1         ***********************************************************************/
 346   1        P0MDOUT = P0MDOUT_B0__PUSH_PULL | P0MDOUT_B1__OPEN_DRAIN
 347   1            | P0MDOUT_B2__OPEN_DRAIN | P0MDOUT_B3__OPEN_DRAIN | P0MDOUT_B4__OPEN_DRAIN
 348   1            | P0MDOUT_B5__OPEN_DRAIN | P0MDOUT_B6__OPEN_DRAIN
 349   1            | P0MDOUT_B7__OPEN_DRAIN;
 350   1        // [P0MDOUT - Port 0 Output Mode]$
 351   1      
 352   1        // $[P0MDIN - Port 0 Input Mode]
 353   1        // [P0MDIN - Port 0 Input Mode]$
 354   1      
 355   1        // $[P0SKIP - Port 0 Skip]
 356   1        // [P0SKIP - Port 0 Skip]$
 357   1      
 358   1        // $[P0MASK - Port 0 Mask]
 359   1        // [P0MASK - Port 0 Mask]$
C51 COMPILER V9.60.0.0   INITDEVICE                                                        09/15/2022 21:04:20 PAGE 7   

 360   1      
 361   1        // $[P0MAT - Port 0 Match]
 362   1        // [P0MAT - Port 0 Match]$
 363   1      
 364   1      }
 365          


MODULE INFORMATION:   STATIC OVERLAYABLE
   CODE SIZE        =    205    ----
   CONSTANT SIZE    =     29    ----
   XDATA SIZE       =   ----    ----
   PDATA SIZE       =   ----    ----
   DATA SIZE        =   ----       5
   IDATA SIZE       =   ----    ----
   BIT SIZE         =   ----       1
   EDATA SIZE       =   ----    ----
   HDATA SIZE       =   ----    ----
   XDATA CONST SIZE =   ----    ----
   FAR CONST SIZE   =   ----    ----
END OF MODULE INFORMATION.


C51 COMPILATION COMPLETE.  1 WARNING(S),  0 ERROR(S)
